"","OTU","Sample","Abundance"
"6","ASV_1","34-B1",TRUE
"22","ASV_1","54-B3",TRUE
"18","ASV_1","33-B1",TRUE
"7","ASV_1","47-B2",TRUE
"4","ASV_1","44-B2",TRUE
"24","ASV_1","46-B1",TRUE
"19","ASV_1","32-B3",TRUE
"17","ASV_1","35-B2",TRUE
"5","ASV_1","42-B3",TRUE
"5120","ASV_5","52-B1",TRUE
"11","ASV_1","53-B2",TRUE
"4598","ASV_3","29-B1",TRUE
"15","ASV_1","50-B2",TRUE
"1874","ASV_17","40-B1",TRUE
"12","ASV_1","31-B2",TRUE
"4858","ASV_4","37-B1",TRUE
"14","ASV_1","45-B3",TRUE
"3","ASV_1","52-B1",TRUE
"4854","ASV_4","39-B3",TRUE
"2677","ASV_2","45-B3",TRUE
"1","ASV_1","29-B1",TRUE
"20","ASV_1","40-B1",TRUE
"21","ASV_1","30-B1",TRUE
"5380","ASV_6","49-B1",TRUE
"2682","ASV_2","48-B3",TRUE
"4973","ASV_44","40-B1",TRUE
"2667","ASV_2","53-B2",TRUE
"5647","ASV_7","36-B3",TRUE
"4029","ASV_25","53-B2",TRUE
"9","ASV_1","48-B3",TRUE
"5385","ASV_6","50-B2",TRUE
"2672","ASV_2","41-B2",TRUE
"2687","ASV_2","49-B1",TRUE
"36","ASV_10","48-B3",TRUE
"566","ASV_12","31-B2",TRUE
"4788","ASV_37","41-B2",TRUE
"4591","ASV_3","36-B3",TRUE
"5438","ASV_61","47-B2",TRUE
"4602","ASV_3","49-B1",TRUE
"295","ASV_11","44-B2",TRUE
"5149","ASV_50","41-B2",TRUE
"4871","ASV_4","38-B2",TRUE
"5387","ASV_6","46-B1",TRUE
"5648","ASV_7","31-B2",TRUE
"833","ASV_13","36-B3",TRUE
"4745","ASV_35","30-B1",TRUE
"826","ASV_13","46-B1",TRUE
"825","ASV_13","45-B3",TRUE
"5922","ASV_8","38-B2",TRUE
"5113","ASV_5","36-B3",TRUE
"43","ASV_10","42-B3",TRUE
"2688","ASV_2","38-B2",TRUE
"1625","ASV_16","37-B1",TRUE
"4607","ASV_3","38-B2",TRUE
"16","ASV_1","36-B3",TRUE
"5070","ASV_48","45-B3",TRUE
"4533","ASV_27","35-B2",TRUE
"5332","ASV_58","36-B3",TRUE
"2141","ASV_18","35-B2",TRUE
"5118","ASV_5","41-B2",TRUE
"4726","ASV_34","40-B1",TRUE
"4666","ASV_32","30-B1",TRUE
"1609","ASV_16","39-B3",TRUE
"5261","ASV_55","50-B2",TRUE
"5924","ASV_8","49-B1",TRUE
"2424","ASV_19","32-B3",TRUE
"4877","ASV_40","32-B3",TRUE
"5920","ASV_8","37-B1",TRUE
"5915","ASV_8","53-B2",TRUE
"5360","ASV_59","45-B3",TRUE
"10","ASV_1","39-B3",TRUE
"6170","ASV_9","29-B1",TRUE
"1368","ASV_15","52-B1",TRUE
"5521","ASV_65","30-B1",TRUE
"4995","ASV_45","48-B3",TRUE
"1104","ASV_14","29-B1",TRUE
"5910","ASV_8","29-B1",TRUE
"4928","ASV_42","33-B1",TRUE
"2665","ASV_2","52-B1",TRUE
"1367","ASV_15","35-B2",TRUE
"4625","ASV_30","46-B1",TRUE
"3755","ASV_24","37-B1",TRUE
"2404","ASV_19","42-B3",TRUE
"5498","ASV_64","45-B3",TRUE
"304","ASV_11","54-B3",TRUE
"4803","ASV_38","42-B3",TRUE
"2705","ASV_20","31-B2",TRUE
"4288","ASV_26","35-B2",TRUE
"4571","ASV_29","38-B2",TRUE
"2684","ASV_2","30-B1",TRUE
"514","ASV_118","40-B1",TRUE
"5483","ASV_63","36-B3",TRUE
"6190","ASV_9","41-B2",TRUE
"4545","ASV_28","31-B2",TRUE
"1097","ASV_14","49-B1",TRUE
"5062","ASV_47","30-B1",TRUE
"5388","ASV_6","32-B3",TRUE
"6182","ASV_9","48-B3",TRUE
"5129","ASV_5","38-B2",TRUE
"4606","ASV_3","46-B1",TRUE
"4593","ASV_3","53-B2",TRUE
"5117","ASV_5","37-B1",TRUE
"5650","ASV_7","42-B3",TRUE
"4588","ASV_3","50-B2",TRUE
"2678","ASV_2","29-B1",TRUE
"48","ASV_10","41-B2",TRUE
"4691","ASV_33","50-B2",TRUE
"675","ASV_124","40-B1",TRUE
"2147","ASV_18","41-B2",TRUE
"2","ASV_1","37-B1",TRUE
"3218","ASV_22","44-B2",TRUE
"298","ASV_11","30-B1",TRUE
"6197","ASV_90","49-B1",TRUE
"2676","ASV_2","50-B2",TRUE
"4845","ASV_39","49-B1",TRUE
"2702","ASV_20","36-B3",TRUE
"6138","ASV_88","30-B1",TRUE
"5392","ASV_6","38-B2",TRUE
"2965","ASV_21","48-B3",TRUE
"3217","ASV_22","29-B1",TRUE
"835","ASV_13","49-B1",TRUE
"5913","ASV_8","30-B1",TRUE
"5911","ASV_8","50-B2",TRUE
"5130","ASV_5","39-B3",TRUE
"1356","ASV_15","38-B2",TRUE
"3499","ASV_23","41-B2",TRUE
"2670","ASV_2","42-B3",TRUE
"5399","ASV_6","48-B3",TRUE
"2966","ASV_21","46-B1",TRUE
"6180","ASV_9","38-B2",TRUE
"4610","ASV_30","38-B2",TRUE
"5125","ASV_5","30-B1",TRUE
"5934","ASV_80","46-B1",TRUE
"1091","ASV_14","45-B3",TRUE
"2681","ASV_2","44-B2",TRUE
"5550","ASV_66","48-B3",TRUE
"3768","ASV_24","49-B1",TRUE
"5806","ASV_75","49-B1",TRUE
"5021","ASV_46","42-B3",TRUE
"819","ASV_13","39-B3",TRUE
"5132","ASV_5","35-B2",TRUE
"5248","ASV_54","36-B3",TRUE
"6189","ASV_9","50-B2",TRUE
"4712","ASV_34","53-B2",TRUE
"2674","ASV_2","32-B3",TRUE
"5312","ASV_57","41-B2",TRUE
"3481","ASV_23","30-B1",TRUE
"5222","ASV_53","42-B3",TRUE
"3238","ASV_22","48-B3",TRUE
"5931","ASV_80","48-B3",TRUE
"5700","ASV_71","35-B2",TRUE
"6408","ASV_98","50-B2",TRUE
"3746","ASV_24","38-B2",TRUE
"6172","ASV_9","39-B3",TRUE
"4604","ASV_3","41-B2",TRUE
"2956","ASV_21","36-B3",TRUE
"6162","ASV_89","30-B1",TRUE
"70","ASV_100","29-B1",TRUE
"6030","ASV_84","50-B2",TRUE
"1351","ASV_15","39-B3",TRUE
"5981","ASV_82","32-B3",TRUE
"5310","ASV_57","42-B3",TRUE
"5377","ASV_6","37-B1",TRUE
"2960","ASV_21","41-B2",TRUE
"4592","ASV_3","39-B3",TRUE
"5814","ASV_76","39-B3",TRUE
"4699","ASV_33","30-B1",TRUE
"4640","ASV_31","39-B3",TRUE
"4771","ASV_36","41-B2",TRUE
"5857","ASV_78","39-B3",TRUE
"5412","ASV_60","49-B1",TRUE
"5578","ASV_67","32-B3",TRUE
"5627","ASV_69","42-B3",TRUE
"1095","ASV_14","42-B3",TRUE
"1734","ASV_164","40-B1",TRUE
"4968","ASV_43","30-B1",TRUE
"4898","ASV_41","39-B3",TRUE
"8","ASV_1","41-B2",TRUE
"6324","ASV_95","48-B3",TRUE
"4647","ASV_31","37-B1",TRUE
"5919","ASV_8","39-B3",TRUE
"5193","ASV_52","31-B2",TRUE
"3501","ASV_23","50-B2",TRUE
"4682","ASV_33","44-B2",TRUE
"2137","ASV_18","52-B1",TRUE
"6425","ASV_99","54-B3",TRUE
"4846","ASV_39","38-B2",TRUE
"3485","ASV_23","53-B2",TRUE
"403","ASV_113","45-B3",TRUE
"4729","ASV_35","37-B1",TRUE
"6285","ASV_93","52-B1",TRUE
"423","ASV_114","29-B1",TRUE
"5106","ASV_49","39-B3",TRUE
"5034","ASV_46","41-B2",TRUE
"1887","ASV_17","37-B1",TRUE
"1618","ASV_16","38-B2",TRUE
"5096","ASV_49","35-B2",TRUE
"2146","ASV_18","49-B1",TRUE
"5605","ASV_68","45-B3",TRUE
"632","ASV_122","41-B2",TRUE
"4762","ASV_36","38-B2",TRUE
"5956","ASV_81","29-B1",TRUE
"6071","ASV_85","39-B3",TRUE
"4772","ASV_36","39-B3",TRUE
"5115","ASV_5","42-B3",TRUE
"4596","ASV_3","45-B3",TRUE
"5724","ASV_72","31-B2",TRUE
"4919","ASV_41","37-B1",TRUE
"5232","ASV_53","52-B1",TRUE
"5779","ASV_74","31-B2",TRUE
"4756","ASV_36","37-B1",TRUE
"5247","ASV_54","37-B1",TRUE
"5171","ASV_51","40-B1",TRUE
"6187","ASV_9","30-B1",TRUE
"5843","ASV_77","39-B3",TRUE
"5904","ASV_79","33-B1",TRUE
"4675","ASV_32","38-B2",TRUE
"1031","ASV_137","38-B2",TRUE
"5403","ASV_60","38-B2",TRUE
"5472","ASV_62","48-B3",TRUE
"5379","ASV_6","30-B1",TRUE
"4578","ASV_29","36-B3",TRUE
"5286","ASV_56","31-B2",TRUE
"4594","ASV_3","52-B1",TRUE
"4615","ASV_30","49-B1",TRUE
"766","ASV_127","45-B3",TRUE
"5187","ASV_52","41-B2",TRUE
"4655","ASV_31","38-B2",TRUE
"4717","ASV_34","35-B2",TRUE
"5612","ASV_68","44-B2",TRUE
"4847","ASV_39","36-B3",TRUE
"6262","ASV_92","35-B2",TRUE
"2639","ASV_198","40-B1",TRUE
"4634","ASV_31","32-B3",TRUE
"959","ASV_134","36-B3",TRUE
"6002","ASV_83","31-B2",TRUE
"194","ASV_106","30-B1",TRUE
"23","ASV_1","49-B1",TRUE
"5752","ASV_73","31-B2",TRUE
"13","ASV_1","38-B2",TRUE
"79","ASV_101","37-B1",TRUE
"383","ASV_112","37-B1",TRUE
"1101","ASV_14","36-B3",TRUE
"6075","ASV_86","31-B2",TRUE
"6113","ASV_87","38-B2",TRUE
"6361","ASV_97","32-B3",TRUE
"101","ASV_102","35-B2",TRUE
"1089","ASV_14","38-B2",TRUE
"1084","ASV_14","48-B3",TRUE
"4863","ASV_4","48-B3",TRUE
"5967","ASV_81","32-B3",TRUE
"5457","ASV_62","36-B3",TRUE
"6025","ASV_84","49-B1",TRUE
"4572","ASV_29","39-B3",TRUE
"4677","ASV_32","32-B3",TRUE
"5391","ASV_6","42-B3",TRUE
"233","ASV_107","33-B1",TRUE
"2907","ASV_208","40-B1",TRUE
"4953","ASV_43","36-B3",TRUE
"3498","ASV_23","48-B3",TRUE
"6269","ASV_93","29-B1",TRUE
"346","ASV_111","52-B1",TRUE
"3761","ASV_24","50-B2",TRUE
"4585","ASV_3","37-B1",TRUE
"5624","ASV_69","50-B2",TRUE
"1137","ASV_141","53-B2",TRUE
"4620","ASV_30","37-B1",TRUE
"1756","ASV_165","41-B2",TRUE
"4628","ASV_30","52-B1",TRUE
"5417","ASV_60","50-B2",TRUE
"3483","ASV_23","29-B1",TRUE
"4584","ASV_29","52-B1",TRUE
"314","ASV_110","39-B3",TRUE
"5833","ASV_77","37-B1",TRUE
"4623","ASV_30","48-B3",TRUE
"5681","ASV_70","49-B1",TRUE
"6290","ASV_94","31-B2",TRUE
"4277","ASV_26","31-B2",TRUE
"1893","ASV_17","29-B1",TRUE
"4582","ASV_29","37-B1",TRUE
"801","ASV_129","38-B2",TRUE
"5116","ASV_5","53-B2",TRUE
"6240","ASV_91","53-B2",TRUE
"440","ASV_115","37-B1",TRUE
"1408","ASV_151","36-B3",TRUE
"255","ASV_108","33-B1",TRUE
"6159","ASV_89","41-B2",TRUE
"2954","ASV_21","35-B2",TRUE
"5163","ASV_51","47-B2",TRUE
"770","ASV_128","32-B3",TRUE
"1342","ASV_149","37-B1",TRUE
"2162","ASV_180","41-B2",TRUE
"4821","ASV_38","41-B2",TRUE
"4955","ASV_43","38-B2",TRUE
"5793","ASV_75","42-B3",TRUE
"1218","ASV_144","53-B2",TRUE
"4825","ASV_39","30-B1",TRUE
"1878","ASV_17","34-B1",TRUE
"4600","ASV_3","48-B3",TRUE
"2680","ASV_2","35-B2",TRUE
"5250","ASV_54","39-B3",TRUE
"1465","ASV_154","53-B2",TRUE
"2964","ASV_21","37-B1",TRUE
"2970","ASV_21","38-B2",TRUE
"2267","ASV_184","41-B2",TRUE
"5173","ASV_51","35-B2",TRUE
"4629","ASV_30","30-B1",TRUE
"1895","ASV_17","52-B1",TRUE
"4864","ASV_4","41-B2",TRUE
"1418","ASV_152","29-B1",TRUE
"4869","ASV_4","49-B1",TRUE
"136","ASV_103","31-B2",TRUE
"1494","ASV_155","50-B2",TRUE
"5590","ASV_67","42-B3",TRUE
"5281","ASV_56","48-B3",TRUE
"201","ASV_106","49-B1",TRUE
"722","ASV_126","39-B3",TRUE
"1085","ASV_14","39-B3",TRUE
"1271","ASV_146","54-B3",TRUE
"899","ASV_132","52-B1",TRUE
"2016","ASV_174","52-B1",TRUE
"5900","ASV_79","32-B3",TRUE
"1549","ASV_157","50-B2",TRUE
"5669","ASV_70","50-B2",TRUE
"5748","ASV_73","52-B1",TRUE
"1379","ASV_150","54-B3",TRUE
"3392","ASV_226","34-B1",TRUE
"4948","ASV_43","37-B1",TRUE
"156","ASV_104","38-B2",TRUE
"5414","ASV_60","41-B2",TRUE
"1587","ASV_159","38-B2",TRUE
"1977","ASV_173","36-B3",TRUE
"2484","ASV_192","41-B2",TRUE
"1636","ASV_160","45-B3",TRUE
"5041","ASV_47","36-B3",TRUE
"4917","ASV_41","30-B1",TRUE
"843","ASV_130","35-B2",TRUE
"265","ASV_109","48-B3",TRUE
"1873","ASV_17","48-B3",TRUE
"6185","ASV_9","32-B3",TRUE
"4908","ASV_41","48-B3",TRUE
"1074","ASV_139","32-B3",TRUE
"5682","ASV_70","38-B2",TRUE
"5022","ASV_46","37-B1",TRUE
"4671","ASV_32","39-B3",TRUE
"2292","ASV_185","49-B1",TRUE
"1862","ASV_169","50-B2",TRUE
"502","ASV_117","41-B2",TRUE
"1842","ASV_168","45-B3",TRUE
"4826","ASV_39","39-B3",TRUE
"1007","ASV_136","35-B2",TRUE
"2150","ASV_18","38-B2",TRUE
"6110","ASV_87","32-B3",TRUE
"2126","ASV_179","36-B3",TRUE
"656","ASV_123","39-B3",TRUE
"5673","ASV_70","32-B3",TRUE
"5133","ASV_5","31-B2",TRUE
"5057","ASV_47","38-B2",TRUE
"4779","ASV_37","37-B1",TRUE
"2957","ASV_21","49-B1",TRUE
"6179","ASV_9","44-B2",TRUE
"461","ASV_116","31-B2",TRUE
"5304","ASV_56","52-B1",TRUE
"5455","ASV_62","30-B1",TRUE
"4763","ASV_36","42-B3",TRUE
"2934","ASV_209","41-B2",TRUE
"6217","ASV_91","45-B3",TRUE
"2311","ASV_186","53-B2",TRUE
"703","ASV_125","30-B1",TRUE
"539","ASV_119","31-B2",TRUE
"172","ASV_105","48-B3",TRUE
"181","ASV_105","49-B1",TRUE
"4590","ASV_3","35-B2",TRUE
"896","ASV_132","53-B2",TRUE
"189","ASV_105","50-B2",TRUE
"4633","ASV_31","50-B2",TRUE
"4715","ASV_34","33-B1",TRUE
"151","ASV_104","39-B3",TRUE
"586","ASV_120","31-B2",TRUE
"601","ASV_121","31-B2",TRUE
"973","ASV_135","49-B1",TRUE
"4957","ASV_43","39-B3",TRUE
"1457","ASV_153","32-B3",TRUE
"3500","ASV_23","42-B3",TRUE
"4786","ASV_37","42-B3",TRUE
"1877","ASV_17","47-B2",TRUE
"5180","ASV_51","48-B3",TRUE
"2459","ASV_191","37-B1",TRUE
"1879","ASV_17","42-B3",TRUE
"87","ASV_101","39-B3",TRUE
"2975","ASV_21","39-B3",TRUE
"713","ASV_125","42-B3",TRUE
"6337","ASV_96","32-B3",TRUE
"2597","ASV_197","36-B3",TRUE
"4706","ASV_34","45-B3",TRUE
"3359","ASV_224","47-B2",TRUE
"6360","ASV_96","36-B3",TRUE
"1308","ASV_148","35-B2",TRUE
"345","ASV_111","32-B3",TRUE
"4595","ASV_3","32-B3",TRUE
"2509","ASV_193","45-B3",TRUE
"886","ASV_131","31-B2",TRUE
"2049","ASV_176","30-B1",TRUE
"1714","ASV_163","38-B2",TRUE
"916","ASV_133","31-B2",TRUE
"288","ASV_109","42-B3",TRUE
"5050","ASV_47","32-B3",TRUE
"4614","ASV_30","39-B3",TRUE
"2878","ASV_206","36-B3",TRUE
"6191","ASV_9","31-B2",TRUE
"2094","ASV_178","48-B3",TRUE
"3751","ASV_24","39-B3",TRUE
"1921","ASV_171","32-B3",TRUE
"2807","ASV_203","53-B2",TRUE
"5177","ASV_51","32-B3",TRUE
"6357","ASV_96","38-B2",TRUE
"6339","ASV_96","39-B3",TRUE
"3008","ASV_211","36-B3",TRUE
"5221","ASV_53","36-B3",TRUE
"149","ASV_104","37-B1",TRUE
"1882","ASV_17","32-B3",TRUE
"4913","ASV_41","32-B3",TRUE
"4975","ASV_44","32-B3",TRUE
"2529","ASV_194","54-B3",TRUE
"638","ASV_122","49-B1",TRUE
"1036","ASV_138","31-B2",TRUE
"6115","ASV_87","49-B1",TRUE
"499","ASV_117","31-B2",TRUE
"1691","ASV_162","35-B2",TRUE
"452","ASV_115","39-B3",TRUE
"1777","ASV_166","39-B3",TRUE
"1166","ASV_142","31-B2",TRUE
"1814","ASV_167","39-B3",TRUE
"1117","ASV_140","50-B2",TRUE
"3034","ASV_212","50-B2",TRUE
"1954","ASV_172","35-B2",TRUE
"1671","ASV_161","41-B2",TRUE
"5042","ASV_47","37-B1",TRUE
"3135","ASV_216","30-B1",TRUE
"1666","ASV_161","49-B1",TRUE
"1193","ASV_143","31-B2",TRUE
"974","ASV_135","50-B2",TRUE
"5405","ASV_60","37-B1",TRUE
"1236","ASV_145","31-B2",TRUE
"5077","ASV_48","40-B1",TRUE
"3262","ASV_220","36-B3",TRUE
"5165","ASV_51","54-B3",TRUE
"3168","ASV_217","53-B2",TRUE
"3110","ASV_215","50-B2",TRUE
"6418","ASV_99","45-B3",TRUE
"1285","ASV_147","31-B2",TRUE
"5565","ASV_66","44-B2",TRUE
"2142","ASV_18","37-B1",TRUE
"967","ASV_135","30-B1",TRUE
"2762","ASV_202","48-B3",TRUE
"1724","ASV_163","37-B1",TRUE
"3696","ASV_237","41-B2",TRUE
"3442","ASV_228","38-B2",TRUE
"3315","ASV_223","53-B2",TRUE
"5467","ASV_62","37-B1",TRUE
"2660","ASV_199","32-B3",TRUE
"1521","ASV_156","31-B2",TRUE
"5465","ASV_62","39-B3",TRUE
"6236","ASV_91","33-B1",TRUE
"5677","ASV_70","39-B3",TRUE
"2729","ASV_200","32-B3",TRUE
"1575","ASV_158","31-B2",TRUE
"2439","ASV_190","35-B2",TRUE
"2250","ASV_183","50-B2",TRUE
"5183","ASV_51","50-B2",TRUE
"5179","ASV_51","31-B2",TRUE
"4563","ASV_29","32-B3",TRUE
"666","ASV_123","53-B2",TRUE
"3429","ASV_227","36-B3",TRUE
"5683","ASV_70","30-B1",TRUE
"4949","ASV_43","32-B3",TRUE
"4621","ASV_30","35-B2",TRUE
"1920","ASV_170","31-B2",TRUE
"4965","ASV_43","31-B2",TRUE
"5488","ASV_63","31-B2",TRUE
"2574","ASV_196","35-B2",TRUE
"6222","ASV_91","35-B2",TRUE
"252","ASV_108","53-B2",TRUE
"4567","ASV_29","48-B3",TRUE
"362","ASV_112","39-B3",TRUE
"6247","ASV_92","37-B1",TRUE
"2882","ASV_207","33-B1",TRUE
"2023","ASV_175","31-B2",TRUE
"4642","ASV_31","48-B3",TRUE
"556","ASV_12","53-B2",TRUE
"2757","ASV_201","35-B2",TRUE
"2347","ASV_187","32-B3",TRUE
"3068","ASV_213","32-B3",TRUE
"6055","ASV_85","42-B3",TRUE
"2068","ASV_177","31-B2",TRUE
"3657","ASV_236","36-B3",TRUE
"1890","ASV_17","54-B3",TRUE
"3622","ASV_234","37-B1",TRUE
"6101","ASV_87","37-B1",TRUE
"2204","ASV_181","31-B2",TRUE
"813","ASV_129","39-B3",TRUE
"2224","ASV_182","31-B2",TRUE
"2987","ASV_210","35-B2",TRUE
"3273","ASV_221","53-B2",TRUE
"4048","ASV_250","41-B2",TRUE
"2057","ASV_176","38-B2",TRUE
"2360","ASV_188","31-B2",TRUE
"2385","ASV_189","31-B2",TRUE
"6367","ASV_97","31-B2",TRUE
"3513","ASV_230","48-B3",TRUE
"1106","ASV_140","53-B2",TRUE
"3190","ASV_218","35-B2",TRUE
"3205","ASV_219","35-B2",TRUE
"2549","ASV_195","31-B2",TRUE
"2340","ASV_187","30-B1",TRUE
"4721","ASV_34","30-B1",TRUE
"1121","ASV_140","54-B3",TRUE
"3648","ASV_235","48-B3",TRUE
"6107","ASV_87","36-B3",TRUE
"1881","ASV_17","39-B3",TRUE
"3914","ASV_246","50-B2",TRUE
"2811","ASV_204","31-B2",TRUE
"2837","ASV_205","31-B2",TRUE
"3372","ASV_225","33-B1",TRUE
"3989","ASV_249","36-B3",TRUE
"3974","ASV_248","30-B1",TRUE
"4583","ASV_29","42-B3",TRUE
"4074","ASV_251","53-B2",TRUE
"3474","ASV_229","39-B3",TRUE
"3558","ASV_232","33-B1",TRUE
"3578","ASV_233","33-B1",TRUE
"3076","ASV_214","31-B2",TRUE
"1875","ASV_17","35-B2",TRUE
"4144","ASV_254","37-B1",TRUE
"4087","ASV_252","29-B1",TRUE
"3720","ASV_238","32-B3",TRUE
"4244","ASV_258","52-B1",TRUE
"1107","ASV_140","35-B2",TRUE
"5463","ASV_62","42-B3",TRUE
"3783","ASV_240","32-B3",TRUE
"3300","ASV_222","31-B2",TRUE
"4153","ASV_255","54-B3",TRUE
"3827","ASV_242","42-B3",TRUE
"1224","ASV_144","52-B1",TRUE
"673","ASV_124","39-B3",TRUE
"3723","ASV_239","35-B2",TRUE
"797","ASV_129","50-B2",TRUE
"2243","ASV_183","31-B2",TRUE
"4212","ASV_257","54-B3",TRUE
"3798","ASV_241","39-B3",TRUE
"4708","ASV_34","44-B2",TRUE
"3891","ASV_245","39-B3",TRUE
"6117","ASV_87","39-B3",TRUE
"1676","ASV_161","32-B3",TRUE
"3883","ASV_244","35-B2",TRUE
"3544","ASV_231","31-B2",TRUE
"1595","ASV_159","39-B3",TRUE
"4199","ASV_256","48-B3",TRUE
"4120","ASV_253","33-B1",TRUE
"4368","ASV_262","45-B3",TRUE
"4341","ASV_261","48-B3",TRUE
"3845","ASV_243","31-B2",TRUE
"3958","ASV_247","31-B2",TRUE
"4385","ASV_263","48-B3",TRUE
"4318","ASV_260","39-B3",TRUE
"3278","ASV_221","44-B2",TRUE
"4427","ASV_265","35-B2",TRUE
"4264","ASV_259","31-B2",TRUE
"4447","ASV_266","33-B1",TRUE
"4477","ASV_267","32-B3",TRUE
"4509","ASV_268","38-B2",TRUE
"4409","ASV_264","31-B2",TRUE
